[radiustheme.com/demo/html/gymedge/index.html]
[backblue.gif]
[fade.gif]
[index.html]
[radiustheme.com/demo/html/gymedge/css/style.css]
[radiustheme.com/demo/html/gymedge/css/bootstrap.min.css]
[radiustheme.com/demo/html/gymedge/css/font-awesome.min.css]
[radiustheme.com/demo/html/gymedge/img/favicon.png]
[radiustheme.com/demo/html/gymedge/img/banner/2.jpg]
[radiustheme.com/demo/html/gymedge/img/banner/3.jpg]
[radiustheme.com/demo/html/gymedge/img/banner/4.jpg]
[radiustheme.com/demo/html/gymedge/img/home1.jpg]
[radiustheme.com/demo/html/gymedge/multi-page/index.html]
[radiustheme.com/demo/html/gymedge/img/home2.jpg]
[radiustheme.com/demo/html/gymedge/multi-page/index2.html]
[radiustheme.com/demo/html/gymedge/img/home3.jpg]
[radiustheme.com/demo/html/gymedge/multi-page/index3.html]
[radiustheme.com/demo/html/gymedge/img/home4.jpg]
[radiustheme.com/demo/html/gymedge/multi-page/index4.html]
[radiustheme.com/demo/html/gymedge/img/1home1.jpg]
[radiustheme.com/demo/html/gymedge/one-page/index.html]
[radiustheme.com/demo/html/gymedge/img/1home2.jpg]
[radiustheme.com/demo/html/gymedge/one-page/index2.html]
[radiustheme.com/demo/html/gymedge/img/1home3.jpg]
[radiustheme.com/demo/html/gymedge/one-page/index3.html]
[radiustheme.com/demo/html/gymedge/img/1home4.jpg]
[radiustheme.com/demo/html/gymedge/one-page/index4.html]
[radiustheme.com/demo/html/gymedge/img/about.jpg]
[radiustheme.com/demo/html/gymedge/multi-page/about.html]
[radiustheme.com/demo/html/gymedge/img/class.jpg]
[radiustheme.com/demo/html/gymedge/multi-page/classes.html]
[radiustheme.com/demo/html/gymedge/img/single-classes.jpg]
[radiustheme.com/demo/html/gymedge/multi-page/single-classes.html]
[radiustheme.com/demo/html/gymedge/img/trainer.jpg]
[radiustheme.com/demo/html/gymedge/multi-page/trainer.html]
[radiustheme.com/demo/html/gymedge/img/single-trainer.jpg]
[radiustheme.com/demo/html/gymedge/multi-page/single-trainer.html]
[radiustheme.com/demo/html/gymedge/img/news.jpg]
[radiustheme.com/demo/html/gymedge/multi-page/news.html]
[radiustheme.com/demo/html/gymedge/img/single-news.jpg]
[radiustheme.com/demo/html/gymedge/multi-page/single-news.html]
[radiustheme.com/demo/html/gymedge/img/gallery.jpg]
[radiustheme.com/demo/html/gymedge/multi-page/gallery.html]
[radiustheme.com/demo/html/gymedge/img/store-grid.jpg]
[radiustheme.com/demo/html/gymedge/multi-page/store-grid.html]
[radiustheme.com/demo/html/gymedge/img/store-list.jpg]
[radiustheme.com/demo/html/gymedge/multi-page/store-list.html]
[radiustheme.com/demo/html/gymedge/img/single-product.jpg]
[radiustheme.com/demo/html/gymedge/multi-page/single-product.html]
[radiustheme.com/demo/html/gymedge/img/single-page.jpg]
[radiustheme.com/demo/html/gymedge/multi-page/page.html]
[radiustheme.com/demo/html/gymedge/img/404.jpg]
[radiustheme.com/demo/html/gymedge/multi-page/404.html]
[radiustheme.com/demo/html/gymedge/img/contact.jpg]
[radiustheme.com/demo/html/gymedge/multi-page/contact.html]
[radiustheme.com/demo/html/gymedge/js/bootstrap.min.js]
[radiustheme.com/demo/html/gymedge/js/isotope.pkgd.min.js]
[radiustheme.com/demo/html/gymedge/js/main.js]
[radiustheme.com/demo/html/gymedge/index.html]
[radiustheme.com/demo/html/gymedge/js/jquery-2.2.4.min.js]
[radiustheme.com/demo/html/gymedge/fonts/glyphicons-halflings-regular.html]
[radiustheme.com/demo/html/gymedge/fonts/glyphicons-halflings-regular.eot]
[radiustheme.com/demo/html/gymedge/fonts/glyphicons-halflings-regular.svg]
[radiustheme.com/demo/html/gymedge/css/bootstrap.min.css]
[radiustheme.com/demo/html/gymedge/fonts/glyphicons-halflings-regulard41d.eot]
[radiustheme.com/demo/html/gymedge/fonts/glyphicons-halflings-regular.woff]
[radiustheme.com/demo/html/gymedge/fonts/glyphicons-halflings-regular.ttf]
[www.radiustheme.com/demo/html/gymedge/img/bg.3d.delayed]
[radiustheme.com/demo/html/gymedge/img/preloader.gif]
[radiustheme.com/demo/html/gymedge/img/banner/1.jpg]
[radiustheme.com/demo/html/gymedge/css/style.css]
[radiustheme.com/demo/html/gymedge/fonts/fontawesome-webfont3295.html]
[radiustheme.com/demo/html/gymedge/fonts/fontawesome-webfont3295.eot]
[radiustheme.com/demo/html/gymedge/fonts/fontawesome-webfontd41d.eot]
[radiustheme.com/demo/html/gymedge/css/font-awesome.min.css]
[radiustheme.com/demo/html/gymedge/multi-page/favicon.ico]
[radiustheme.com/demo/html/gymedge/fonts/fontawesome-webfont3295.svg]
[radiustheme.com/demo/html/gymedge/multi-page/css/bootstrap.min.css]
[radiustheme.com/demo/html/gymedge/multi-page/css/font-awesome.min.css]
[radiustheme.com/demo/html/gymedge/multi-page/vendor/OwlCarousel/owl.carousel.min.css]
[radiustheme.com/demo/html/gymedge/multi-page/vendor/OwlCarousel/owl.theme.default.min.css]
[radiustheme.com/demo/html/gymedge/multi-page/css/meanmenu.min.css]
[radiustheme.com/demo/html/gymedge/fonts/fontawesome-webfont3295.woff]
[radiustheme.com/demo/html/gymedge/multi-page/css/normalize.css]
[radiustheme.com/demo/html/gymedge/multi-page/css/main.css]
[radiustheme.com/demo/html/gymedge/multi-page/css/custom-slider/css/nivo-slider.css]
[radiustheme.com/demo/html/gymedge/multi-page/css/custom-slider/css/preview.css]
[radiustheme.com/demo/html/gymedge/multi-page/css/flaticon.css]
[radiustheme.com/demo/html/gymedge/multi-page/css/animate.css]
[radiustheme.com/demo/html/gymedge/multi-page/css/site.css]
[radiustheme.com/demo/html/gymedge/fonts/fontawesome-webfont3295.ttf]
[radiustheme.com/demo/html/gymedge/multi-page/css/hover-min.css]
[radiustheme.com/demo/html/gymedge/multi-page/css/magnific-popup.css]
[radiustheme.com/demo/html/gymedge/multi-page/css/responsive.css]
[radiustheme.com/demo/html/gymedge/multi-page/style.css]
[radiustheme.com/demo/html/gymedge/multi-page/js/vendor/modernizr-2.8.3.min.js]
[radiustheme.com/demo/html/gymedge/multi-page/img/logo.png]
[radiustheme.com/demo/html/gymedge/multi-page/schedule.html]
[radiustheme.com/demo/html/gymedge/multi-page/img/product/cart-img.png]
[radiustheme.com/demo/html/gymedge/multi-page/img/slides/slide1.jpg]
[radiustheme.com/demo/html/gymedge/multi-page/img/slides/slide2.jpg]
[radiustheme.com/demo/html/gymedge/multi-page/img/about-fitness-img.png]
[radiustheme.com/demo/html/gymedge/multi-page/img/feature1.jpg]
[radiustheme.com/demo/html/gymedge/multi-page/img/feature2.jpg]
[radiustheme.com/demo/html/gymedge/multi-page/img/feature3.jpg]
[radiustheme.com/demo/html/gymedge/multi-page/img/feature4.jpg]
[radiustheme.com/demo/html/gymedge/multi-page/img/being-builder.png]
[radiustheme.com/demo/html/gymedge/multi-page/img/client1.jpg]
[radiustheme.com/demo/html/gymedge/multi-page/img/client2.jpg]
[radiustheme.com/demo/html/gymedge/multi-page/img/trainers/trainer1.jpg]
[radiustheme.com/demo/html/gymedge/multi-page/img/trainers/trainer2.jpg]
[radiustheme.com/demo/html/gymedge/multi-page/img/trainers/trainer3.jpg]
[radiustheme.com/demo/html/gymedge/multi-page/img/trainers/trainer4.jpg]
[radiustheme.com/demo/html/gymedge/multi-page/img/gallery/1.jpg]
[radiustheme.com/demo/html/gymedge/multi-page/img/gallery/2.jpg]
[radiustheme.com/demo/html/gymedge/multi-page/img/gallery/3.jpg]
[radiustheme.com/demo/html/gymedge/multi-page/img/gallery/4.jpg]
[radiustheme.com/demo/html/gymedge/multi-page/img/gallery/5.jpg]
[radiustheme.com/demo/html/gymedge/multi-page/img/gallery/6.jpg]
[radiustheme.com/demo/html/gymedge/multi-page/img/product/product1.png]
[radiustheme.com/demo/html/gymedge/multi-page/img/product/product2.png]
[radiustheme.com/demo/html/gymedge/multi-page/img/product/product3.png]
[radiustheme.com/demo/html/gymedge/multi-page/img/product/product4.png]
[radiustheme.com/demo/html/gymedge/multi-page/img/banner/counter-back.jpg]
[radiustheme.com/demo/html/gymedge/multi-page/img/news1.jpg]
[radiustheme.com/demo/html/gymedge/multi-page/img/news2.jpg]
[radiustheme.com/demo/html/gymedge/multi-page/img/news3.jpg]
[radiustheme.com/demo/html/gymedge/multi-page/img/client/1.jpg]
[radiustheme.com/demo/html/gymedge/multi-page/img/client/2.jpg]
[radiustheme.com/demo/html/gymedge/multi-page/img/client/3.jpg]
[radiustheme.com/demo/html/gymedge/multi-page/img/client/4.jpg]
[radiustheme.com/demo/html/gymedge/multi-page/img/client/5.jpg]
[radiustheme.com/demo/html/gymedge/multi-page/img/client/6.jpg]
[radiustheme.com/demo/html/gymedge/multi-page/img/flickr/flickr1.png]
[radiustheme.com/demo/html/gymedge/multi-page/img/flickr/flickr2.png]
[radiustheme.com/demo/html/gymedge/multi-page/img/flickr/flickr3.png]
[radiustheme.com/demo/html/gymedge/multi-page/img/flickr/flickr4.png]
[radiustheme.com/demo/html/gymedge/multi-page/img/flickr/flickr5.png]
[radiustheme.com/demo/html/gymedge/multi-page/img/flickr/flickr6.png]
[radiustheme.com/demo/html/gymedge/multi-page/img/visa-card.png]
[radiustheme.com/demo/html/gymedge/multi-page/img/descover.png]
[radiustheme.com/demo/html/gymedge/multi-page/img/paypal.png]
[radiustheme.com/demo/html/gymedge/multi-page/img/card.png]
[radiustheme.com/demo/html/gymedge/multi-page/js/bootstrap-tabcollapse.js]
[radiustheme.com/demo/html/gymedge/multi-page/js/bootstrap.min.js]
[radiustheme.com/demo/html/gymedge/multi-page/js/jquery.meanmenu.min.js]
[radiustheme.com/demo/html/gymedge/multi-page/js/vendor/jquery-1.11.3.min.js]
[radiustheme.com/demo/html/gymedge/multi-page/css/custom-slider/js/jquery.nivo.slider.js]
[radiustheme.com/demo/html/gymedge/multi-page/css/custom-slider/home.js]
[radiustheme.com/demo/html/gymedge/multi-page/js/jquery.zoom.js]
[radiustheme.com/demo/html/gymedge/multi-page/vendor/OwlCarousel/owl.carousel.min.js]
[radiustheme.com/demo/html/gymedge/multi-page/js/jquery.counterup.min.js]
[radiustheme.com/demo/html/gymedge/multi-page/js/waypoints.min.js]
[radiustheme.com/demo/html/gymedge/multi-page/js/isotope.pkgd.js]
[radiustheme.com/demo/html/gymedge/multi-page/js/jquery.magnific-popup.min.js]
[radiustheme.com/demo/html/gymedge/multi-page/js/wow.min.js]
[radiustheme.com/demo/html/gymedge/multi-page/js/plugins.js]
[radiustheme.com/demo/html/gymedge/multi-page/js/main.js]
[radiustheme.com/demo/html/gymedge/multi-page/index.html]
[radiustheme.com/demo/html/gymedge/multi-page/img/logo-white.png]
[radiustheme.com/demo/html/gymedge/multi-page/img/slides/slide3.jpg]
[radiustheme.com/demo/html/gymedge/multi-page/img/feature/1.jpg]
[radiustheme.com/demo/html/gymedge/multi-page/img/feature/2.jpg]
[radiustheme.com/demo/html/gymedge/multi-page/img/feature/3.jpg]
[radiustheme.com/demo/html/gymedge/multi-page/img/trainers/3.jpg]
[radiustheme.com/demo/html/gymedge/multi-page/img/trainers/2.jpg]
[radiustheme.com/demo/html/gymedge/multi-page/img/trainers/1.jpg]
[radiustheme.com/demo/html/gymedge/multi-page/img/trainers/4.jpg]
[radiustheme.com/demo/html/gymedge/multi-page/img/trainers/5.jpg]
[radiustheme.com/demo/html/gymedge/multi-page/index2.html]
[radiustheme.com/demo/html/gymedge/multi-page/img/slides/3-1.jpg]
[radiustheme.com/demo/html/gymedge/multi-page/img/slides/3-2.jpg]
[radiustheme.com/demo/html/gymedge/multi-page/img/slides/3-3.jpg]
[radiustheme.com/demo/html/gymedge/multi-page/img/service/1.png]
[radiustheme.com/demo/html/gymedge/multi-page/img/feature/4.jpg]
[radiustheme.com/demo/html/gymedge/multi-page/img/feature/5.jpg]
[radiustheme.com/demo/html/gymedge/multi-page/img/feature/6.jpg]
[radiustheme.com/demo/html/gymedge/multi-page/img/why-choose.png]
[radiustheme.com/demo/html/gymedge/multi-page/img/trainers/circle2.jpg]
[radiustheme.com/demo/html/gymedge/multi-page/img/trainers/circle1.jpg]
[radiustheme.com/demo/html/gymedge/multi-page/img/trainers/circle3.jpg]
[radiustheme.com/demo/html/gymedge/multi-page/img/trainers/circle4.jpg]
[radiustheme.com/demo/html/gymedge/multi-page/img/product/product5.png]
[radiustheme.com/demo/html/gymedge/multi-page/img/product/product6.png]
[radiustheme.com/demo/html/gymedge/multi-page/img/product/product7.png]
[radiustheme.com/demo/html/gymedge/multi-page/img/news/1.jpg]
[radiustheme.com/demo/html/gymedge/multi-page/img/news/2.jpg]
[radiustheme.com/demo/html/gymedge/multi-page/img/news/3.jpg]
[radiustheme.com/demo/html/gymedge/multi-page/index3.html]
[radiustheme.com/demo/html/gymedge/multi-page/img/slides/4-1.jpg]
[radiustheme.com/demo/html/gymedge/multi-page/img/what-do.png]
[radiustheme.com/demo/html/gymedge/multi-page/img/feature/8.jpg]
[radiustheme.com/demo/html/gymedge/multi-page/img/feature/9.jpg]
[radiustheme.com/demo/html/gymedge/multi-page/img/feature/10.jpg]
[radiustheme.com/demo/html/gymedge/multi-page/img/feature/11.jpg]
[radiustheme.com/demo/html/gymedge/multi-page/index4.html]
[radiustheme.com/demo/html/gymedge/one-page/favicon.ico]
[radiustheme.com/demo/html/gymedge/one-page/css/bootstrap.min.css]
[radiustheme.com/demo/html/gymedge/one-page/css/font-awesome.min.css]
[radiustheme.com/demo/html/gymedge/one-page/vendor/OwlCarousel/owl.carousel.min.css]
[radiustheme.com/demo/html/gymedge/one-page/vendor/OwlCarousel/owl.theme.default.min.css]
[radiustheme.com/demo/html/gymedge/one-page/css/meanmenu.min.css]
[radiustheme.com/demo/html/gymedge/one-page/css/normalize.css]
[radiustheme.com/demo/html/gymedge/one-page/css/main.css]
[radiustheme.com/demo/html/gymedge/one-page/css/custom-slider/css/nivo-slider.css]
[radiustheme.com/demo/html/gymedge/one-page/css/custom-slider/css/preview.css]
[radiustheme.com/demo/html/gymedge/one-page/css/flaticon.css]
[radiustheme.com/demo/html/gymedge/one-page/css/animate.css]
[radiustheme.com/demo/html/gymedge/one-page/css/site.css]
[radiustheme.com/demo/html/gymedge/one-page/css/hover-min.css]
[radiustheme.com/demo/html/gymedge/one-page/css/magnific-popup.css]
[radiustheme.com/demo/html/gymedge/one-page/style.css]
[radiustheme.com/demo/html/gymedge/one-page/css/responsive.css]
[radiustheme.com/demo/html/gymedge/one-page/js/vendor/modernizr-2.8.3.min.js]
[radiustheme.com/demo/html/gymedge/one-page/img/logo.png]
[radiustheme.com/demo/html/gymedge/one-page/img/product/cart-img.png]
[radiustheme.com/demo/html/gymedge/one-page/img/slides/slide1.jpg]
[radiustheme.com/demo/html/gymedge/one-page/img/slides/slide2.jpg]
[radiustheme.com/demo/html/gymedge/one-page/img/about-fitness-img.png]
[radiustheme.com/demo/html/gymedge/one-page/img/feature1.jpg]
[radiustheme.com/demo/html/gymedge/one-page/img/feature2.jpg]
[radiustheme.com/demo/html/gymedge/one-page/img/feature3.jpg]
[radiustheme.com/demo/html/gymedge/one-page/img/feature4.jpg]
[radiustheme.com/demo/html/gymedge/one-page/img/being-builder.png]
[radiustheme.com/demo/html/gymedge/one-page/img/client1.jpg]
[radiustheme.com/demo/html/gymedge/one-page/img/client2.jpg]
[radiustheme.com/demo/html/gymedge/one-page/img/trainers/trainer1.jpg]
[radiustheme.com/demo/html/gymedge/one-page/img/trainers/trainer2.jpg]
[radiustheme.com/demo/html/gymedge/one-page/img/trainers/trainer3.jpg]
[radiustheme.com/demo/html/gymedge/one-page/img/trainers/trainer4.jpg]
[radiustheme.com/demo/html/gymedge/one-page/img/gallery/1.jpg]
[radiustheme.com/demo/html/gymedge/one-page/img/gallery/2.jpg]
[radiustheme.com/demo/html/gymedge/one-page/img/gallery/3.jpg]
[radiustheme.com/demo/html/gymedge/one-page/img/gallery/4.jpg]
[radiustheme.com/demo/html/gymedge/one-page/img/gallery/5.jpg]
[radiustheme.com/demo/html/gymedge/one-page/img/gallery/6.jpg]
[radiustheme.com/demo/html/gymedge/one-page/img/product/product1.png]
[radiustheme.com/demo/html/gymedge/one-page/img/product/product2.png]
[radiustheme.com/demo/html/gymedge/one-page/img/product/product3.png]
[radiustheme.com/demo/html/gymedge/one-page/img/product/product4.png]
[radiustheme.com/demo/html/gymedge/one-page/img/banner/counter-back.jpg]
[radiustheme.com/demo/html/gymedge/one-page/img/news1.jpg]
[radiustheme.com/demo/html/gymedge/one-page/img/news2.jpg]
[radiustheme.com/demo/html/gymedge/one-page/img/news3.jpg]
[radiustheme.com/demo/html/gymedge/one-page/img/client/1.jpg]
[radiustheme.com/demo/html/gymedge/one-page/img/client/2.jpg]
[radiustheme.com/demo/html/gymedge/one-page/img/client/3.jpg]
[radiustheme.com/demo/html/gymedge/one-page/img/client/4.jpg]
[radiustheme.com/demo/html/gymedge/one-page/img/client/5.jpg]
[radiustheme.com/demo/html/gymedge/one-page/img/client/6.jpg]
[radiustheme.com/demo/html/gymedge/one-page/img/flickr/flickr1.png]
[radiustheme.com/demo/html/gymedge/one-page/img/flickr/flickr2.png]
[radiustheme.com/demo/html/gymedge/one-page/img/flickr/flickr3.png]
[radiustheme.com/demo/html/gymedge/one-page/img/flickr/flickr4.png]
[radiustheme.com/demo/html/gymedge/one-page/img/flickr/flickr5.png]
[radiustheme.com/demo/html/gymedge/one-page/img/flickr/flickr6.png]
[radiustheme.com/demo/html/gymedge/one-page/img/visa-card.png]
[radiustheme.com/demo/html/gymedge/one-page/img/descover.png]
[radiustheme.com/demo/html/gymedge/one-page/img/paypal.png]
[radiustheme.com/demo/html/gymedge/one-page/img/card.png]
[radiustheme.com/demo/html/gymedge/one-page/js/bootstrap-tabcollapse.js]
[radiustheme.com/demo/html/gymedge/one-page/js/vendor/jquery-1.11.3.min.js]
[radiustheme.com/demo/html/gymedge/one-page/js/jquery.meanmenu.min.js]
[radiustheme.com/demo/html/gymedge/one-page/js/bootstrap.min.js]
[radiustheme.com/demo/html/gymedge/one-page/vendor/OwlCarousel/owl.carousel.min.js]
[radiustheme.com/demo/html/gymedge/one-page/css/custom-slider/js/jquery.nivo.slider.js]
[radiustheme.com/demo/html/gymedge/one-page/css/custom-slider/home.js]
[radiustheme.com/demo/html/gymedge/one-page/js/jquery.zoom.js]
[radiustheme.com/demo/html/gymedge/one-page/js/isotope.pkgd.js]
[radiustheme.com/demo/html/gymedge/one-page/js/jquery.nav.js]
[radiustheme.com/demo/html/gymedge/one-page/js/waypoints.min.js]
[radiustheme.com/demo/html/gymedge/one-page/js/jquery.counterup.min.js]
[radiustheme.com/demo/html/gymedge/one-page/js/jquery.magnific-popup.min.js]
[radiustheme.com/demo/html/gymedge/one-page/js/wow.min.js]
[radiustheme.com/demo/html/gymedge/one-page/js/plugins.js]
[radiustheme.com/demo/html/gymedge/one-page/js/validator.min.js]
[radiustheme.com/demo/html/gymedge/one-page/js/main.js]
[radiustheme.com/demo/html/gymedge/one-page/index.html]
[radiustheme.com/demo/html/gymedge/one-page/img/logo-white.png]
[radiustheme.com/demo/html/gymedge/one-page/img/slides/slide3.jpg]
[radiustheme.com/demo/html/gymedge/one-page/img/feature/1.jpg]
[radiustheme.com/demo/html/gymedge/one-page/img/feature/2.jpg]
[radiustheme.com/demo/html/gymedge/one-page/img/feature/3.jpg]
[radiustheme.com/demo/html/gymedge/one-page/img/trainers/3.jpg]
[radiustheme.com/demo/html/gymedge/one-page/img/trainers/2.jpg]
[radiustheme.com/demo/html/gymedge/one-page/img/trainers/1.jpg]
[radiustheme.com/demo/html/gymedge/one-page/img/trainers/4.jpg]
[radiustheme.com/demo/html/gymedge/one-page/img/trainers/5.jpg]
[radiustheme.com/demo/html/gymedge/one-page/index2.html]
[radiustheme.com/demo/html/gymedge/one-page/img/slides/3-1.jpg]
[radiustheme.com/demo/html/gymedge/one-page/img/slides/3-2.jpg]
[radiustheme.com/demo/html/gymedge/one-page/img/slides/3-3.jpg]
[radiustheme.com/demo/html/gymedge/one-page/img/service/1.png]
[radiustheme.com/demo/html/gymedge/one-page/img/feature/4.jpg]
[radiustheme.com/demo/html/gymedge/one-page/img/feature/5.jpg]
[radiustheme.com/demo/html/gymedge/one-page/img/feature/6.jpg]
[radiustheme.com/demo/html/gymedge/one-page/img/why-choose.png]
[radiustheme.com/demo/html/gymedge/one-page/img/trainers/circle2.jpg]
[radiustheme.com/demo/html/gymedge/one-page/img/trainers/circle1.jpg]
[radiustheme.com/demo/html/gymedge/one-page/img/trainers/circle3.jpg]
[radiustheme.com/demo/html/gymedge/one-page/img/trainers/circle4.jpg]
[radiustheme.com/demo/html/gymedge/one-page/img/product/product5.png]
[radiustheme.com/demo/html/gymedge/one-page/img/product/product6.png]
[radiustheme.com/demo/html/gymedge/one-page/img/product/product7.png]
[radiustheme.com/demo/html/gymedge/one-page/img/news/1.jpg]
[radiustheme.com/demo/html/gymedge/one-page/img/news/2.jpg]
[radiustheme.com/demo/html/gymedge/one-page/img/news/3.jpg]
[radiustheme.com/demo/html/gymedge/one-page/index3.html]
[radiustheme.com/demo/html/gymedge/one-page/img/slides/4-1.jpg]
[radiustheme.com/demo/html/gymedge/one-page/img/what-do.png]
[radiustheme.com/demo/html/gymedge/one-page/img/feature/8.jpg]
[radiustheme.com/demo/html/gymedge/one-page/img/feature/9.jpg]
[radiustheme.com/demo/html/gymedge/one-page/img/feature/10.jpg]
[radiustheme.com/demo/html/gymedge/one-page/img/feature/11.jpg]
[radiustheme.com/demo/html/gymedge/one-page/index4.html]
[radiustheme.com/demo/html/gymedge/multi-page/img/about-right-img.png]
[radiustheme.com/demo/html/gymedge/multi-page/about.html]
[radiustheme.com/demo/html/gymedge/multi-page/img/classes/yoga.jpg]
[radiustheme.com/demo/html/gymedge/multi-page/img/classes/building.jpg]
[radiustheme.com/demo/html/gymedge/multi-page/img/classes/running.jpg]
[radiustheme.com/demo/html/gymedge/multi-page/img/classes/karate.jpg]
[radiustheme.com/demo/html/gymedge/multi-page/img/classes/meditation.jpg]
[radiustheme.com/demo/html/gymedge/multi-page/classes.html]
[radiustheme.com/demo/html/gymedge/multi-page/img/classes/class-detail-img.jpg]
[radiustheme.com/demo/html/gymedge/multi-page/img/join-us.jpg]
[radiustheme.com/demo/html/gymedge/multi-page/single-classes.html]
[radiustheme.com/demo/html/gymedge/multi-page/img/trainers/trainer1.png]
[radiustheme.com/demo/html/gymedge/multi-page/img/trainers/trainer2.png]
[radiustheme.com/demo/html/gymedge/multi-page/img/trainers/trainer3.png]
[radiustheme.com/demo/html/gymedge/multi-page/img/trainers/trainer4.png]
[radiustheme.com/demo/html/gymedge/multi-page/trainer.html]
[radiustheme.com/demo/html/gymedge/multi-page/img/trainers/trainer-details.png]
[radiustheme.com/demo/html/gymedge/multi-page/single-trainer.html]
[radiustheme.com/demo/html/gymedge/multi-page/img/news/news1.jpg]
[radiustheme.com/demo/html/gymedge/multi-page/img/news/news2.jpg]
[radiustheme.com/demo/html/gymedge/multi-page/img/news/news3.jpg]
[radiustheme.com/demo/html/gymedge/multi-page/img/news/news4.jpg]
[radiustheme.com/demo/html/gymedge/multi-page/img/news/news5.jpg]
[radiustheme.com/demo/html/gymedge/multi-page/news.html]
[radiustheme.com/demo/html/gymedge/multi-page/img/news/comment.jpg]
[radiustheme.com/demo/html/gymedge/multi-page/single-news.html]
[radiustheme.com/demo/html/gymedge/multi-page/gallery.html]
[radiustheme.com/demo/html/gymedge/multi-page/store-grid.html]
[radiustheme.com/demo/html/gymedge/multi-page/store-list.html]
[radiustheme.com/demo/html/gymedge/multi-page/single-product.html]
[radiustheme.com/demo/html/gymedge/multi-page/img/single-image.jpg]
[radiustheme.com/demo/html/gymedge/multi-page/page.html]
[radiustheme.com/demo/html/gymedge/multi-page/404.html]
[radiustheme.com/demo/html/gymedge/multi-page/contact.html]
[radiustheme.com/demo/html/gymedge/fonts/glyphicons-halflings-regular.html]
[radiustheme.com/demo/html/gymedge/fonts/glyphicons-halflings-regular.svg]
[www.radiustheme.com/demo/html/gymedge/img/bg.html]
[radiustheme.com/demo/html/gymedge/multi-page/js/validator.min.js]
[radiustheme.com/demo/html/gymedge/fonts/fontawesome-webfont3295.html]
[radiustheme.com/demo/html/gymedge/fonts/fontawesome-webfont3295.svg]
[radiustheme.com/demo/html/gymedge/multi-page/fonts/glyphicons-halflings-regular.eot]
[radiustheme.com/demo/html/gymedge/multi-page/fonts/glyphicons-halflings-regular.html]
[radiustheme.com/demo/html/gymedge/multi-page/css/bootstrap.min.css]
[radiustheme.com/demo/html/gymedge/multi-page/fonts/glyphicons-halflings-regular.svg]
[radiustheme.com/demo/html/gymedge/multi-page/fonts/glyphicons-halflings-regulard41d.eot]
[radiustheme.com/demo/html/gymedge/multi-page/fonts/glyphicons-halflings-regular.woff]
[radiustheme.com/demo/html/gymedge/multi-page/fonts/glyphicons-halflings-regular.ttf]
[radiustheme.com/demo/html/gymedge/multi-page/fonts/fontawesome-webfont914c.html]
[radiustheme.com/demo/html/gymedge/multi-page/fonts/fontawesome-webfont914c.eot]
[radiustheme.com/demo/html/gymedge/multi-page/fonts/fontawesome-webfontd41d.eot]
[radiustheme.com/demo/html/gymedge/multi-page/css/font-awesome.min.css]
[radiustheme.com/demo/html/gymedge/multi-page/vendor/OwlCarousel/owl.video.play.png]
[radiustheme.com/demo/html/gymedge/multi-page/vendor/OwlCarousel/owl.carousel.min.css]
[radiustheme.com/demo/html/gymedge/multi-page/vendor/OwlCarousel/owl.theme.default.min.css]
[radiustheme.com/demo/html/gymedge/multi-page/css/meanmenu.min.css]
[radiustheme.com/demo/html/gymedge/multi-page/css/normalize.css]
[radiustheme.com/demo/html/gymedge/multi-page/css/main.css]
[radiustheme.com/demo/html/gymedge/multi-page/css/custom-slider/css/nivo-slider.css]
[radiustheme.com/demo/html/gymedge/multi-page/fonts/fontawesome-webfont914c.svg]
[radiustheme.com/demo/html/gymedge/multi-page/css/custom-slider/img/loading.gif]
[radiustheme.com/demo/html/gymedge/multi-page/css/custom-slider/img/bullets.png]
[radiustheme.com/demo/html/gymedge/multi-page/fonts/fontawesome-webfont914c.woff]
[radiustheme.com/demo/html/gymedge/multi-page/css/custom-slider/img/arrows.png]
[radiustheme.com/demo/html/gymedge/multi-page/css/custom-slider/css/preview.css]
[radiustheme.com/demo/html/gymedge/multi-page/fonts/fontawesome-webfont914c.ttf]
[radiustheme.com/demo/html/gymedge/multi-page/fonts/Flaticon.eot]
[radiustheme.com/demo/html/gymedge/multi-page/fonts/Flaticon.woff]
[radiustheme.com/demo/html/gymedge/multi-page/fonts/Flaticond41d.eot]
[radiustheme.com/demo/html/gymedge/multi-page/fonts/Flaticon.ttf]
[radiustheme.com/demo/html/gymedge/multi-page/fonts/Flaticon.svg]
[radiustheme.com/demo/html/gymedge/multi-page/css/flaticon.css]
[radiustheme.com/demo/html/gymedge/multi-page/css/animate.css]
[radiustheme.com/demo/html/gymedge/multi-page/css/site.css]
[radiustheme.com/demo/html/gymedge/multi-page/css/hover-min.css]
[radiustheme.com/demo/html/gymedge/multi-page/css/magnific-popup.css]
[radiustheme.com/demo/html/gymedge/multi-page/img/loading.gif]
[radiustheme.com/demo/html/gymedge/multi-page/img/slider-control-inactive.png]
[radiustheme.com/demo/html/gymedge/multi-page/img/slider-control-active.png]
[radiustheme.com/demo/html/gymedge/multi-page/img/feature/7.jpg]
[radiustheme.com/demo/html/gymedge/multi-page/img/sign-up-button.png]
[radiustheme.com/demo/html/gymedge/multi-page/img/class-schedule.png]
[radiustheme.com/demo/html/gymedge/multi-page/img/trainer-bag.jpg]
[radiustheme.com/demo/html/gymedge/multi-page/img/fitness-summer-bag.jpg]
[radiustheme.com/demo/html/gymedge/multi-page/img/yoga-banner.jpg]
[radiustheme.com/demo/html/gymedge/multi-page/img/date-bag.png]
[radiustheme.com/demo/html/gymedge/multi-page/img/banner/about-banner.jpg]
[radiustheme.com/demo/html/gymedge/multi-page/img/choose-bag.jpg]
[radiustheme.com/demo/html/gymedge/multi-page/img/counter-circle.png]
[radiustheme.com/demo/html/gymedge/multi-page/img/error-bag.jpg]
[radiustheme.com/demo/html/gymedge/multi-page/style.css]
[radiustheme.com/demo/html/gymedge/multi-page/css/responsive.css]
[radiustheme.com/demo/html/gymedge/multi-page/schedule.html]
[radiustheme.com/demo/html/gymedge/one-page/fonts/glyphicons-halflings-regular.eot]
[radiustheme.com/demo/html/gymedge/one-page/fonts/glyphicons-halflings-regulard41d.eot]
[radiustheme.com/demo/html/gymedge/one-page/fonts/glyphicons-halflings-regular.html]
[radiustheme.com/demo/html/gymedge/one-page/fonts/glyphicons-halflings-regular.woff]
[radiustheme.com/demo/html/gymedge/one-page/fonts/glyphicons-halflings-regular.ttf]
[radiustheme.com/demo/html/gymedge/one-page/fonts/glyphicons-halflings-regular.svg]
[radiustheme.com/demo/html/gymedge/one-page/css/bootstrap.min.css]
[radiustheme.com/demo/html/gymedge/one-page/fonts/fontawesome-webfont914c.html]
[radiustheme.com/demo/html/gymedge/one-page/fonts/fontawesome-webfont914c.eot]
[radiustheme.com/demo/html/gymedge/one-page/fonts/fontawesome-webfontd41d.eot]
[radiustheme.com/demo/html/gymedge/one-page/css/font-awesome.min.css]
[radiustheme.com/demo/html/gymedge/one-page/vendor/OwlCarousel/owl.video.play.png]
[radiustheme.com/demo/html/gymedge/one-page/vendor/OwlCarousel/owl.carousel.min.css]
[radiustheme.com/demo/html/gymedge/one-page/vendor/OwlCarousel/owl.theme.default.min.css]
[radiustheme.com/demo/html/gymedge/one-page/css/meanmenu.min.css]
[radiustheme.com/demo/html/gymedge/one-page/css/normalize.css]
[radiustheme.com/demo/html/gymedge/one-page/css/main.css]
[radiustheme.com/demo/html/gymedge/one-page/css/custom-slider/css/nivo-slider.css]
[radiustheme.com/demo/html/gymedge/one-page/fonts/fontawesome-webfont914c.woff]
[radiustheme.com/demo/html/gymedge/one-page/fonts/fontawesome-webfont914c.svg]
[radiustheme.com/demo/html/gymedge/one-page/css/custom-slider/img/loading.gif]
[radiustheme.com/demo/html/gymedge/one-page/css/custom-slider/img/bullets.png]
[radiustheme.com/demo/html/gymedge/one-page/css/custom-slider/img/arrows.png]
[radiustheme.com/demo/html/gymedge/one-page/css/custom-slider/css/preview.css]
[radiustheme.com/demo/html/gymedge/one-page/fonts/Flaticon.eot]
[radiustheme.com/demo/html/gymedge/one-page/fonts/Flaticon.woff]
[radiustheme.com/demo/html/gymedge/one-page/fonts/Flaticond41d.eot]
[radiustheme.com/demo/html/gymedge/one-page/fonts/Flaticon.svg]
[radiustheme.com/demo/html/gymedge/one-page/fonts/Flaticon.ttf]
[radiustheme.com/demo/html/gymedge/one-page/css/flaticon.css]
[radiustheme.com/demo/html/gymedge/one-page/css/animate.css]
[radiustheme.com/demo/html/gymedge/one-page/css/site.css]
[radiustheme.com/demo/html/gymedge/one-page/css/hover-min.css]
[radiustheme.com/demo/html/gymedge/one-page/css/magnific-popup.css]
[radiustheme.com/demo/html/gymedge/one-page/fonts/fontawesome-webfont914c.ttf]
[radiustheme.com/demo/html/gymedge/one-page/img/preloader.gif]
[radiustheme.com/demo/html/gymedge/one-page/img/slider-control-inactive.png]
[radiustheme.com/demo/html/gymedge/one-page/img/slider-control-active.png]
[radiustheme.com/demo/html/gymedge/one-page/img/feature/7.jpg]
[radiustheme.com/demo/html/gymedge/one-page/img/sign-up-button.png]
[radiustheme.com/demo/html/gymedge/one-page/img/class-schedule.png]
[radiustheme.com/demo/html/gymedge/one-page/img/trainer-bag.jpg]
[radiustheme.com/demo/html/gymedge/one-page/img/fitness-summer-bag.jpg]
[radiustheme.com/demo/html/gymedge/one-page/img/yoga-banner.jpg]
[radiustheme.com/demo/html/gymedge/one-page/img/date-bag.png]
[radiustheme.com/demo/html/gymedge/one-page/img/banner/about-banner.jpg]
[radiustheme.com/demo/html/gymedge/one-page/img/choose-bag.jpg]
[radiustheme.com/demo/html/gymedge/one-page/img/counter-circle.png]
[radiustheme.com/demo/html/gymedge/one-page/img/error-bag.jpg]
[radiustheme.com/demo/html/gymedge/one-page/style.css]
[radiustheme.com/demo/html/gymedge/one-page/css/responsive.css]
[radiustheme.com/demo/html/gymedge/css/fonts/681.woff]
[radiustheme.com/demo/html/gymedge/css/fonts/681.ttf]
[radiustheme.com/demo/html/gymedge/multi-page/fonts/glyphicons-halflings-regular.html]
[radiustheme.com/demo/html/gymedge/multi-page/fonts/glyphicons-halflings-regular.svg]
[radiustheme.com/demo/html/gymedge/multi-page/fonts/fontawesome-webfont914c.html]
[radiustheme.com/demo/html/gymedge/multi-page/fonts/fontawesome-webfont914c.svg]
[radiustheme.com/demo/html/gymedge/multi-page/fonts/Flaticon.svg]
[radiustheme.com/demo/html/gymedge/one-page/fonts/glyphicons-halflings-regular.html]
[radiustheme.com/demo/html/gymedge/one-page/fonts/glyphicons-halflings-regular.svg]
[radiustheme.com/demo/html/gymedge/one-page/fonts/fontawesome-webfont914c.html]
[radiustheme.com/demo/html/gymedge/one-page/fonts/fontawesome-webfont914c.svg]
[radiustheme.com/demo/html/gymedge/one-page/fonts/Flaticon.svg]
